main.c:125:14:Crc16	24	static
main.c:131:6:SetupMBdata	8	static
main.c:204:6:HAL_TIM_PeriodElapsedCallback	16	static
main.c:209:6:HAL_UART_TxCpltCallback	16	static
main.c:212:6:HAL_UART_RxCpltCallback	16	static
main.c:221:6:HAL_ADC_ConvCpltCallback	16	static
main.c:234:5:main	24	static
main.c:454:6:SystemClock_Config	104	static
main.c:501:13:MX_ADC_Init	24	static
main.c:553:13:MX_TIM1_Init	96	static
main.c:628:13:MX_TIM2_Init	32	static
main.c:673:13:MX_USART1_UART_Init	8	static
main.c:708:13:MX_GPIO_Init	48	static
main.c:769:6:Error_Handler	8	static,ignoring_inline_asm
